---
source: crates/pixtuoid-core/tests/sources/conformance.rs
expression: events
---
- SessionStart:
    agent_id: 15020910450894780276
    source: opencode
    session_id: ses_demo
    cwd: /Users/dev/ocproj
    parent_id: ~
- ModelInfo:
    agent_id: 15020910450894780276
    model: deepseek-v4-flash-free
    effort: ~
- Identity:
    agent_id: 15020910450894780276
    source: opencode
    session_id: ses_demo
    cwd: ~
- ActivityStart:
    agent_id: 15020910450894780276
    tool_use_id: call_1
    detail:
      Generic:
        display: "bash: ls -la"
- Identity:
    agent_id: 15020910450894780276
    source: opencode
    session_id: ses_demo
    cwd: ~
- ActivityEnd:
    agent_id: 15020910450894780276
    tool_use_id: call_1
- Identity:
    agent_id: 15020910450894780276
    source: opencode
    session_id: ses_demo
    cwd: ~
- ActivityStart:
    agent_id: 15020910450894780276
    tool_use_id: call_task
    detail: Task
- Identity:
    agent_id: 15020910450894780276
    source: opencode
    session_id: ses_demo
    cwd: ~
- Waiting:
    agent_id: 15020910450894780276
    reason: bash
- SessionEnd:
    agent_id: 15020910450894780276
    as_child: false
