---
source: crates/pixtuoid/tests/layout_golden.rs
assertion_line: 81
expression: l.waypoints
---
[
    Waypoint {
        pos: Point {
            x: 93,
            y: 39,
        },
        kind: Couch,
    },
    Waypoint {
        pos: Point {
            x: 28,
            y: 105,
        },
        kind: Pantry,
    },
]
