---
source: crates/pixtuoid/tests/layout_golden.rs
expression: l.room_walls
---
[
    WallSegment {
        start: Point {
            x: 26,
            y: 21,
        },
        end: Point {
            x: 26,
            y: 26,
        },
    },
    WallSegment {
        start: Point {
            x: 26,
            y: 40,
        },
        end: Point {
            x: 26,
            y: 46,
        },
    },
    WallSegment {
        start: Point {
            x: 0,
            y: 46,
        },
        end: Point {
            x: 8,
            y: 46,
        },
    },
    WallSegment {
        start: Point {
            x: 22,
            y: 46,
        },
        end: Point {
            x: 26,
            y: 46,
        },
    },
]
