---
source: crates/pixtuoid/tests/layout_golden.rs
expression: l.room_walls
---
[
    WallSegment {
        start: Point {
            x: 56,
            y: 36,
        },
        end: Point {
            x: 56,
            y: 50,
        },
    },
    WallSegment {
        start: Point {
            x: 56,
            y: 64,
        },
        end: Point {
            x: 56,
            y: 78,
        },
    },
    WallSegment {
        start: Point {
            x: 0,
            y: 78,
        },
        end: Point {
            x: 26,
            y: 78,
        },
    },
    WallSegment {
        start: Point {
            x: 40,
            y: 78,
        },
        end: Point {
            x: 56,
            y: 78,
        },
    },
]
