---
source: crates/pixtuoid/tests/layout_golden.rs
expression: l.room_walls
---
[
    WallSegment {
        start: Point {
            x: 53,
            y: 48,
        },
        end: Point {
            x: 53,
            y: 69,
        },
    },
    WallSegment {
        start: Point {
            x: 53,
            y: 83,
        },
        end: Point {
            x: 53,
            y: 104,
        },
    },
    WallSegment {
        start: Point {
            x: 0,
            y: 104,
        },
        end: Point {
            x: 24,
            y: 104,
        },
    },
    WallSegment {
        start: Point {
            x: 38,
            y: 104,
        },
        end: Point {
            x: 53,
            y: 104,
        },
    },
]
